Parsing test configuration...
Parsing inline network scenarios template
Parsing network scenarios in: /var/folders/84/zz92dr1178v8z_tvd_q2dfw40000gn/T/kathara-checker-r001-mxm1dh6h/labs
  0%|          | 0/1 [00:00<?, ?it/s]##################### lab #####################
Parsing network scenario in: /var/folders/84/zz92dr1178v8z_tvd_q2dfw40000gn/T/kathara-checker-r001-mxm1dh6h/labs/lab
Network scenario name: lab
Undeploying network scenario in case it was running...
Deploying network scenario...
Waiting convergence...
Starting tests
Verifying lab structure using inline lab.conf template
Checking devices existence...
Check existence of `pc1`: [92m OK[00m
Check existence of `pc2`: [92m OK[00m
Check existence of `pc3`: [92m OK[00m
Check existence of `pc4`: [92m OK[00m
Check existence of `pc5`: [92m OK[00m
Check existence of `pc6`: [92m OK[00m
Check existence of `pc7`: [92m OK[00m
Check existence of `pc8`: [92m OK[00m
Check existence of `pc9`: [92m OK[00m
Check existence of `pc10`: [92m OK[00m
Check existence of `pc11`: [92m OK[00m
Check existence of `pc12`: [92m OK[00m
Check existence of `r1`: [92m OK[00m
Check existence of `r2`: [92m OK[00m
Check existence of `r3`: [92m OK[00m
Check existence of `r4`: [92m OK[00m
Check existence of `r5`: [92m OK[00m
Check existence of `r6`: [92m OK[00m
Checking collision domains...
Checking the collision domain attached to interface `eth0` of `pc1`: [92m OK[00m
Checking the collision domain attached to interface `eth0` of `pc2`: [92m OK[00m
Checking the collision domain attached to interface `eth0` of `pc3`: [92m OK[00m
Checking the collision domain attached to interface `eth0` of `pc4`: [92m OK[00m
Checking the collision domain attached to interface `eth0` of `pc5`: [92m OK[00m
Checking the collision domain attached to interface `eth0` of `pc6`: [92m OK[00m
Checking the collision domain attached to interface `eth0` of `pc7`: [92m OK[00m
Checking the collision domain attached to interface `eth0` of `pc8`: [92m OK[00m
Checking the collision domain attached to interface `eth0` of `pc9`: [92m OK[00m
Checking the collision domain attached to interface `eth0` of `pc10`: [92m OK[00m
Checking the collision domain attached to interface `eth0` of `pc11`: [92m OK[00m
Checking the collision domain attached to interface `eth0` of `pc12`: [92m OK[00m
Checking the collision domain attached to interface `eth0` of `r1`: [92m OK[00m
Checking the collision domain attached to interface `eth1` of `r1`: [92m OK[00m
Checking the collision domain attached to interface `eth2` of `r1`: [92m OK[00m
Checking the collision domain attached to interface `eth0` of `r2`: [92m OK[00m
Checking the collision domain attached to interface `eth1` of `r2`: [92m OK[00m
Checking the collision domain attached to interface `eth2` of `r2`: [92m OK[00m
Checking the collision domain attached to interface `eth0` of `r3`: [92m OK[00m
Checking the collision domain attached to interface `eth1` of `r3`: [92m OK[00m
Checking the collision domain attached to interface `eth2` of `r3`: [92m OK[00m
Checking the collision domain attached to interface `eth0` of `r4`: [92m OK[00m
Checking the collision domain attached to interface `eth1` of `r4`: [92m OK[00m
Checking the collision domain attached to interface `eth2` of `r4`: [92m OK[00m
Checking the collision domain attached to interface `eth0` of `r5`: [92m OK[00m
Checking the collision domain attached to interface `eth1` of `r5`: [92m OK[00m
Checking the collision domain attached to interface `eth2` of `r5`: [92m OK[00m
Checking the collision domain attached to interface `eth0` of `r6`: [92m OK[00m
Checking the collision domain attached to interface `eth1` of `r6`: [92m OK[00m
Checking the collision domain attached to interface `eth2` of `r6`: [92m OK[00m
Checking that all required startup files exist...
Check existence of `pc1.startup` file: [92m OK[00m
Check existence of `pc2.startup` file: [92m OK[00m
Check existence of `pc3.startup` file: [92m OK[00m
Check existence of `pc4.startup` file: [92m OK[00m
Check existence of `pc5.startup` file: [92m OK[00m
Check existence of `pc6.startup` file: [92m OK[00m
Check existence of `pc7.startup` file: [92m OK[00m
Check existence of `pc8.startup` file: [92m OK[00m
Check existence of `pc9.startup` file: [92m OK[00m
Check existence of `pc10.startup` file: [92m OK[00m
Check existence of `pc11.startup` file: [92m OK[00m
Check existence of `pc12.startup` file: [92m OK[00m
Check existence of `r1.startup` file: [92m OK[00m
Check existence of `r2.startup` file: [92m OK[00m
Check existence of `r3.startup` file: [92m OK[00m
Check existence of `r4.startup` file: [92m OK[00m
Check existence of `r5.startup` file: [92m OK[00m
Check existence of `r6.startup` file: [92m OK[00m
Verifying the IP addresses assigned to devices...
Checking IPs for `pc1`...
Verifying the IP address (10.11.0.10/24) assigned to eth0 of pc1: [92m OK[00m
Checking IPs for `pc2`...
Verifying the IP address (2001:db8:1100::10/64) assigned to eth0 of pc2: [92m OK[00m
Checking IPs for `pc3`...
Verifying the IP address (10.11.1.10/24) assigned to eth0 of pc3: [92m OK[00m
Checking IPs for `pc4`...
Verifying the IP address (2001:db8:1100:1::10/64) assigned to eth0 of pc4: [92m OK[00m
Checking IPs for `pc5`...
Verifying the IP address (10.11.2.10/24) assigned to eth0 of pc5: [92m OK[00m
Checking IPs for `pc6`...
Verifying the IP address (2001:db8:1100:2::10/64) assigned to eth0 of pc6: [92m OK[00m
Checking IPs for `pc7`...
Verifying the IP address (10.11.3.10/24) assigned to eth0 of pc7: [92m OK[00m
Checking IPs for `pc8`...
Verifying the IP address (2001:db8:1100:3::10/64) assigned to eth0 of pc8: [92m OK[00m
Checking IPs for `pc9`...
Verifying the IP address (10.11.4.10/24) assigned to eth0 of pc9: [92m OK[00m
Checking IPs for `pc10`...
Verifying the IP address (2001:db8:1100:4::10/64) assigned to eth0 of pc10: [92m OK[00m
Checking IPs for `pc11`...
Verifying the IP address (10.11.5.10/24) assigned to eth0 of pc11: [92m OK[00m
Checking IPs for `pc12`...
Verifying the IP address (2001:db8:1100:5::10/64) assigned to eth0 of pc12: [92m OK[00m
Checking IPs for `r1`...
Verifying the IP address (10.11.0.1/24) assigned to eth0 of r1: [92m OK[00m
Verifying the IP address (172.18.0.1/30) assigned to eth1 of r1: [92m OK[00m
Verifying the IP address (172.18.0.22/30) assigned to eth2 of r1: [92m OK[00m
Checking IPs for `r2`...
Verifying the IP address (10.11.1.1/24) assigned to eth0 of r2: [92m OK[00m
Verifying the IP address (172.18.0.2/30) assigned to eth1 of r2: [92m OK[00m
Verifying the IP address (172.18.0.5/30) assigned to eth2 of r2: [92m OK[00m
Checking IPs for `r3`...
Verifying the IP address (10.11.2.1/24) assigned to eth0 of r3: [92m OK[00m
Verifying the IP address (172.18.0.6/30) assigned to eth1 of r3: [92m OK[00m
Verifying the IP address (172.18.0.9/30) assigned to eth2 of r3: [92m OK[00m
Checking IPs for `r4`...
Verifying the IP address (10.11.3.1/24) assigned to eth0 of r4: [92m OK[00m
Verifying the IP address (172.18.0.10/30) assigned to eth1 of r4: [92m OK[00m
Verifying the IP address (172.18.0.13/30) assigned to eth2 of r4: [92m OK[00m
Checking IPs for `r5`...
Verifying the IP address (10.11.4.1/24) assigned to eth0 of r5: [92m OK[00m
Verifying the IP address (172.18.0.14/30) assigned to eth1 of r5: [92m OK[00m
Verifying the IP address (172.18.0.17/30) assigned to eth2 of r5: [92m OK[00m
Checking IPs for `r6`...
  0%|          | 0/1 [00:15<?, ?it/s]
Traceback (most recent call last):
  File "<frozen runpy>", line 203, in _run_module_as_main
  File "<frozen runpy>", line 88, in _run_code
  File "/Users/matthew/Desktop/Tesi-Skill/.venv/lib/python3.14/site-packages/kathara_lab_checker/__main__.py", line 311, in <module>
    main()
    ~~~~^^
  File "/Users/matthew/Desktop/Tesi-Skill/.venv/lib/python3.14/site-packages/kathara_lab_checker/__main__.py", line 305, in main
    run_on_multiple_network_scenarios(
    ~~~~~~~~~~~~~~~~~~~~~~~~~~~~~~~~~^
        args.labs, conf, args.no_cache, args.live, args.keep_open, args.report_type
        ^^^^^^^^^^^^^^^^^^^^^^^^^^^^^^^^^^^^^^^^^^^^^^^^^^^^^^^^^^^^^^^^^^^^^^^^^^^
    )
    ^
  File "/Users/matthew/Desktop/Tesi-Skill/.venv/lib/python3.14/site-packages/kathara_lab_checker/__main__.py", line 161, in run_on_multiple_network_scenarios
    test_results = run_on_single_network_scenario(
        os.path.join(labs_path, lab_name), configuration, no_cache, live, keep_open, report_type
    )
  File "/Users/matthew/Desktop/Tesi-Skill/.venv/lib/python3.14/site-packages/kathara_lab_checker/__main__.py", line 112, in run_on_single_network_scenario
    check_results = check.run_from_configuration(configuration)
  File "/Users/matthew/Desktop/Tesi-Skill/.venv/lib/python3.14/site-packages/kathara_lab_checker/checks/InterfaceIPCheck.py", line 74, in run_from_configuration
    results.extend(self.run(configuration["test"]["ip_mapping"]))
                   ~~~~~~~~^^^^^^^^^^^^^^^^^^^^^^^^^^^^^^^^^^^^^
  File "/Users/matthew/Desktop/Tesi-Skill/.venv/lib/python3.14/site-packages/kathara_lab_checker/checks/InterfaceIPCheck.py", line 54, in run
    dumped_iface = self.get_interfaces_addresses(device_name)
  File "/Users/matthew/Desktop/Tesi-Skill/.venv/lib/python3.14/site-packages/kathara_lab_checker/checks/InterfaceIPCheck.py", line 68, in get_interfaces_addresses
    return json.loads(stdout)
           ~~~~~~~~~~^^^^^^^^
  File "/Library/Frameworks/Python.framework/Versions/3.14/lib/python3.14/json/__init__.py", line 345, in loads
    raise TypeError(f'the JSON object must be str, bytes or bytearray, '
                    f'not {s.__class__.__name__}')
TypeError: the JSON object must be str, bytes or bytearray, not NoneType
